Microchip MPLAB XC8 Compiler V2.10 ()

Linker command line:

-W-3 --edf=C:\Program Files (x86)\Microchip\xc8\v2.10\pic\dat\en_msgs.txt \
  -cs -h+dist/default/production\Lab06.X.production.sym \
  --cmf=dist/default/production\Lab06.X.production.cmf -z -Q18F26K22 \
  -oC:\Users\Nicholas\AppData\Local\Temp\scf8.2 --defsym=__MPLAB_BUILD=1 \
  -Mdist/default/production/Lab06.X.production.map -E1 -ver=XC8 \
  --acfsm=1493 -ASTACK=01C7h-0F37h -pstack=STACK -ACODE=00h-0FFFFh \
  -ACONST=00h-0FFFFh -ASMALLCONST=01000h-010FFhx240 \
  -AMEDIUMCONST=01000h-0FFFFh -ACOMRAM=01h-05Fh -AABS1=00h-0F37h \
  -ABIGRAM=01h-0F37h -ARAM=060h-0FFh,0100h-01FFhx14,0F00h-0F37h \
  -ABANK0=060h-0FFh -ABANK1=0100h-01FFh -ABANK2=0200h-02FFh \
  -ABANK3=0300h-03FFh -ABANK4=0400h-04FFh -ABANK5=0500h-05FFh \
  -ABANK6=0600h-06FFh -ABANK7=0700h-07FFh -ABANK8=0800h-08FFh \
  -ABANK9=0900h-09FFh -ABANK10=0A00h-0AFFh -ABANK11=0B00h-0BFFh \
  -ABANK12=0C00h-0CFFh -ABANK13=0D00h-0DFFh -ABANK14=0E00h-0EFFh \
  -ABANK15=0F00h-0F37h -ASFR=0F38h-0F5Fh,0F60h-0FFFh \
  -preset_vec=00h,intcode=08h,intcodelo,powerup,init -pramtop=01000h \
  -psmallconst=SMALLCONST -pmediumconst=MEDIUMCONST -pconst=CONST \
  -AFARRAM=00h-00h -ACONFIG=0300000h-030000Dh -pconfig=CONFIG \
  -AIDLOC=0200000h-0200007h -pidloc=IDLOC -AEEDATA=0F00000h-0F003FFh \
  -peeprom_data=EEDATA \
  -prdata=COMRAM,nvrram=COMRAM,nvbit=COMRAM,rbss=COMRAM,rbit=COMRAM \
  -pfarbss=FARRAM,fardata=FARRAM,nvFARRAM=FARRAM \
  -pintsave_regs=BIGRAM,bigbss=BIGRAM,bigdata=BIGRAM -pbss=RAM \
  -pidata=CODE,irdata=CODE,ibigdata=CODE,ifardata=CODE -prparam=COMRAM \
  C:\Users\Nicholas\AppData\Local\Temp\scf8.o \
  dist/default/production\Lab06.X.production.o 

Object code version is 3.11

Machine type is 18F26K22

Call graph: (short form)




                Name                               Link     Load   Length Selector   Space Scale
C:\Users\Nicholas\AppData\Local\Temp\scf8.o
                init                                 F0       F0        4        4       0
                reset_vec                             0        0        4        0       0
                idloc                            200000   200000        8   200000       0
                config                           300000   300000        E   300000       0
dist/default/production\Lab06.X.production.o
                intcode                               8        8       E8        4       0
                temp                                 5F       5F        1        1       1
                mediumconst                        FC98     FC98      368     7E4C       0
                text80                             347A     347A       2C        4       0
                text79                             36E6     36E6        6     1B34       0
                text78                             36F0     36F0        2     1B34       0
                text77                             36E0     36E0        6     1B34       0
                text76                             316E     316E       42        4       0
                text75                             3548     3548       26        4       0
                text74                             3382     3382       38        4       0
                text73                             2FBC     2FBC       52        4       0
                text72                             1DBA     1DBA      19A        4       0
                text71                             3618     3618       16        4       0
                text70                             36D6     36D6        A     1B34       0
                text69                             2C12     2C12       96        4       0
                text68                             30E8     30E8       44        4       0
                text67                             33BA     33BA       36        4       0
                text66                             29F0     29F0       C6        4       0
                text65                             2F0C     2F0C       5C        4       0
                text64                             20E0     20E0      186        4       0
                text63                             25CA     25CA       F0        4       0
                text62                             278C     278C       D0        4       0
                text61                             1A18     1A18      204        4       0
                text60                             31EE     31EE       3C        4       0
                text59                             334A     334A       38        4       0
                text58                             3312     3312       38        4       0
                text57                             2EAE     2EAE       5E        4       0
                text56                             1538     1538      2DA        4       0
                text55                              D22      D22      53C        4       0
                text54                             2D8C     2D8C       64        4       0
                text53                             3520     3520       28        4       0
                text52                             2926     2926       CA        4       0
                text51                             2AB6     2AB6       C4        4       0
                text49                             34A6     34A6       2A        4       0
                text48                             3642     3642       14        4       0
                text47                             300E     300E       4C        4       0
                text46                             3600     3600       18        4       0
                text45                             3590     3590       20        4       0
                text44                             36CC     36CC        A     1B34       0
                text43                             36C2     36C2        A     1B34       0
                text42                             36B8     36B8        A     1B34       0
                text41                             30A2     30A2       46        4       0
                text40                             36AE     36AE        A     1B34       0
                text39                             36A4     36A4        A     1B34       0
                text38                             369A     369A        A     1B34       0
                text37                             3690     3690        A     1B34       0
                text36                             3686     3686        A     1B34       0
                text35                             2CA8     2CA8       80        4       0
                text34                             36EC     36EC        4     1B34       0
                text33                             35CC     35CC       1C        4       0
                text32                             344E     344E       2C        4       0
                text31                             35B0     35B0       1C        4       0
                text30                             3668     3668       10     1B34       0
                text29                             356E     356E       22        4       0
                text28                             2266     2266      178        4       0
                text27                             34F8     34F8       28        4       0
                text26                             32D8     32D8       3A        4       0
                text25                             2F68     2F68       54        4       0
                text24                             1C1C     1C1C      19E        4       0
                text23                             35E8     35E8       18        4       0
                text22                             3678     3678        E     1B34       0
                text21                             2B7A     2B7A       98        4       0
                text20                             305A     305A       48        4       0
                text19                             329E     329E       3A        4       0
                text18                             285C     285C       CA        4       0
                text17                             2E50     2E50       5E        4       0
                text16                             1F54     1F54      18C        4       0
                text15                             24D8     24D8       F2        4       0
                text14                             26BA     26BA       D2        4       0
                text13                             1812     1812      206        4       0
                text12                             31B0     31B0       3E        4       0
                text11                             3264     3264       3A        4       0
                text10                             322A     322A       3A        4       0
                text9                              2DF0     2DF0       60        4       0
                text8                              125E     125E      2DA        4       0
                text7                               7D2      7D2      550        4       0
                text6                              2D28     2D28       64        4       0
                text5                              34D0     34D0       28        4       0
                text4                              33F0     33F0       32        4       0
                text3                              362E     362E       14        4       0
                text2                              3422     3422       2C        4       0
                text1                              23DE     23DE       FA        4       0
                text0                                F4       F4      6DE        4       0
                cstackCOMRAM                          1        1       5E        1       1
                cstackBANK0                          60       60       68       60       1
                cstackBANK1                         16D      16D       49      100       1
                dataBANK1                           1B6      1B6       11      100       1
                bssBANK1                            100      100       6D      100       1
                bssBANK0                             C8       C8       1C       60       1
                cinit                              312C     312C       42        4       0
                idataBANK1                         3656     3656       11        4       0

TOTAL           Name                               Link     Load   Length     Space
        CLASS   STACK          

        CLASS   CODE           
                intcode                               8        8       E8         0
                init                                 F0       F0        4         0
                reset_vec                             0        0        4         0
                text80                             347A     347A       2C         0
                text79                             36E6     36E6        6         0
                text78                             36F0     36F0        2         0
                text77                             36E0     36E0        6         0
                text76                             316E     316E       42         0
                text75                             3548     3548       26         0
                text74                             3382     3382       38         0
                text73                             2FBC     2FBC       52         0
                text72                             1DBA     1DBA      19A         0
                text71                             3618     3618       16         0
                text70                             36D6     36D6        A         0
                text69                             2C12     2C12       96         0
                text68                             30E8     30E8       44         0
                text67                             33BA     33BA       36         0
                text66                             29F0     29F0       C6         0
                text65                             2F0C     2F0C       5C         0
                text64                             20E0     20E0      186         0
                text63                             25CA     25CA       F0         0
                text62                             278C     278C       D0         0
                text61                             1A18     1A18      204         0
                text60                             31EE     31EE       3C         0
                text59                             334A     334A       38         0
                text58                             3312     3312       38         0
                text57                             2EAE     2EAE       5E         0
                text56                             1538     1538      2DA         0
                text55                              D22      D22      53C         0
                text54                             2D8C     2D8C       64         0
                text53                             3520     3520       28         0
                text52                             2926     2926       CA         0
                text51                             2AB6     2AB6       C4         0
                text49                             34A6     34A6       2A         0
                text48                             3642     3642       14         0
                text47                             300E     300E       4C         0
                text46                             3600     3600       18         0
                text45                             3590     3590       20         0
                text44                             36CC     36CC        A         0
                text43                             36C2     36C2        A         0
                text42                             36B8     36B8        A         0
                text41                             30A2     30A2       46         0
                text40                             36AE     36AE        A         0
                text39                             36A4     36A4        A         0
                text38                             369A     369A        A         0
                text37                             3690     3690        A         0
                text36                             3686     3686        A         0
                text35                             2CA8     2CA8       80         0
                text34                             36EC     36EC        4         0
                text33                             35CC     35CC       1C         0
                text32                             344E     344E       2C         0
                text31                             35B0     35B0       1C         0
                text30                             3668     3668       10         0
                text29                             356E     356E       22         0
                text28                             2266     2266      178         0
                text27                             34F8     34F8       28         0
                text26                             32D8     32D8       3A         0
                text25                             2F68     2F68       54         0
                text24                             1C1C     1C1C      19E         0
                text23                             35E8     35E8       18         0
                text22                             3678     3678        E         0
                text21                             2B7A     2B7A       98         0
                text20                             305A     305A       48         0
                text19                             329E     329E       3A         0
                text18                             285C     285C       CA         0
                text17                             2E50     2E50       5E         0
                text16                             1F54     1F54      18C         0
                text15                             24D8     24D8       F2         0
                text14                             26BA     26BA       D2         0
                text13                             1812     1812      206         0
                text12                             31B0     31B0       3E         0
                text11                             3264     3264       3A         0
                text10                             322A     322A       3A         0
                text9                              2DF0     2DF0       60         0
                text8                              125E     125E      2DA         0
                text7                               7D2      7D2      550         0
                text6                              2D28     2D28       64         0
                text5                              34D0     34D0       28         0
                text4                              33F0     33F0       32         0
                text3                              362E     362E       14         0
                text2                              3422     3422       2C         0
                text1                              23DE     23DE       FA         0
                text0                                F4       F4      6DE         0
                cinit                              312C     312C       42         0
                idataBANK1                         3656     3656       11         0

        CLASS   CONST          

        CLASS   SMALLCONST     

        CLASS   MEDIUMCONST    
                mediumconst                        FC98     FC98      368         0

        CLASS   COMRAM         
                temp                                 5F       5F        1         1
                cstackCOMRAM                          1        1       5E         1

        CLASS   ABS1           

        CLASS   BIGRAM         

        CLASS   RAM            

        CLASS   BANK0          
                cstackBANK0                          60       60       68         1
                bssBANK0                             C8       C8       1C         1

        CLASS   BANK1          
                cstackBANK1                         16D      16D       49         1
                dataBANK1                           1B6      1B6       11         1
                bssBANK1                            100      100       6D         1

        CLASS   BANK2          

        CLASS   BANK3          

        CLASS   BANK4          

        CLASS   BANK5          

        CLASS   BANK6          

        CLASS   BANK7          

        CLASS   BANK8          

        CLASS   BANK9          

        CLASS   BANK10         

        CLASS   BANK11         

        CLASS   BANK12         

        CLASS   BANK13         

        CLASS   BANK14         

        CLASS   BANK15         

        CLASS   SFR            

        CLASS   FARRAM         

        CLASS   CONFIG         
                config                           300000   300000        E         0

        CLASS   IDLOC          
                idloc                            200000   200000        8         0

        CLASS   EEDATA         



SEGMENTS        Name                           Load    Length   Top    Selector   Space  Class

                reset_vec                      000000  000004  000004         0       0  CODE    
                cstackCOMRAM                   000001  00005F  000060         1       1  COMRAM  
                intcode                        000008  00365F  003667         4       0  CODE    
                cstackBANK0                    000060  000084  0000E4        60       1  BANK0   
                bssBANK1                       000100  0000C7  0001C7       100       1  BANK1   
                text30                         003668  00008A  0036F2      1B34       0  CODE    
                mediumconst                    00FC98  000368  010000      7E4C       0  MEDIUMCO
                idloc                          200000  000008  200008    200000       0  IDLOC   
                config                         300000  00000E  30000E    300000       0  CONFIG  


UNUSED ADDRESS RANGES

        Name                Unused          Largest block    Delta
        BANK0            0000E4-0000FF               1C
        BANK1            0001C7-0001FF               39
        BANK10           000A00-000AFF              100
        BANK11           000B00-000BFF              100
        BANK12           000C00-000CFF              100
        BANK13           000D00-000DFF              100
        BANK14           000E00-000EFF              100
        BANK15           000F00-000F37               38
        BANK2            000200-0002FF              100
        BANK3            000300-0003FF              100
        BANK4            000400-0004FF              100
        BANK5            000500-0005FF              100
        BANK6            000600-0006FF              100
        BANK7            000700-0007FF              100
        BANK8            000800-0008FF              100
        BANK9            000900-0009FF              100
        BIGRAM           0000E4-0000FF               1C
                         0001C7-000F37              D71
        CODE             000004-000007                4
                         003667-003667                1
                         0036F2-00FC97             C5A6
        CONST            000004-000007                4
                         003667-003667                1
                         0036F2-00FC97             C5A6
        EEDATA           F00000-F003FF              400
        MEDIUMCONST      003667-003667                1
                         0036F2-00FC97             C5A6
        RAM              0000E4-0000FF               1C
                         0001C7-000F37              100
        SFR              000F38-000FFF               28
        SMALLCONST       003667-003667                1
                         0036F2-00FC97              100
        STACK            0001C7-000F37              D71

                                  Symbol Table

?___lodiv                                       cstackBANK0  00007C
?___lomod                                       cstackBANK0  00007C
?___wmul                                        cstackBANK0  00007C
?_atoi                                          cstackBANK0  000083
?_ctoa                                          cstackBANK0  000099
?_isalpha                                       cstackBANK0  00007C
?_isdigit                                       cstackBANK0  00007C
?_islower                                       cstackBANK0  00007C
?_isspace                                       cstackBANK0  00007C
?_isupper                                       cstackBANK0  00007C
?_pad                                           cstackBANK0  00008E
?_printf                                        cstackBANK1  000186
?_stoa                                          cstackBANK0  000087
?_strlen                                        cstackBANK0  00007C
?_toupper                                       cstackBANK0  000082
?_utoa                                          cstackBANK0  000099
?_vfpfcnvrt                                     cstackBANK0  0000C0
?_vfprintf                                      cstackBANK1  000180
?_xtoa                                          cstackBANK0  000099
?i2___lodiv                                     cstackCOMRAM 000001
?i2___lomod                                     cstackCOMRAM 000001
?i2___wmul                                      cstackCOMRAM 000001
?i2_atoi                                        cstackCOMRAM 000008
?i2_ctoa                                        cstackCOMRAM 00001E
?i2_isalpha                                     cstackCOMRAM 000001
?i2_isdigit                                     cstackCOMRAM 000001
?i2_islower                                     cstackCOMRAM 000001
?i2_isspace                                     cstackCOMRAM 000001
?i2_isupper                                     cstackCOMRAM 000001
?i2_pad                                         cstackCOMRAM 000013
?i2_printf                                      cstackBANK0  000068
?i2_stoa                                        cstackCOMRAM 00000C
?i2_strlen                                      cstackCOMRAM 000001
?i2_toupper                                     cstackCOMRAM 000007
?i2_utoa                                        cstackCOMRAM 00001E
?i2_vfpfcnvrt                                   cstackCOMRAM 000045
?i2_vfprintf                                    cstackBANK0  000060
?i2_xtoa                                        cstackCOMRAM 00001E
EPWM2_LoadDutyValue@dutyValue                   cstackBANK0  00007C
EUSART1_SetErrorHandler@interruptHandler        cstackBANK0  00007C
EUSART1_SetFramingErrorHandler@interruptHandler cstackBANK0  00007C
EUSART1_SetOverrunErrorHandler@interruptHandler cstackBANK0  00007C
EUSART1_Write@txData                            cstackBANK0  00007C
EUSART2_SetErrorHandler@interruptHandler        cstackBANK0  00007C
EUSART2_SetFramingErrorHandler@interruptHandler cstackBANK0  00007C
EUSART2_SetOverrunErrorHandler@interruptHandler cstackBANK0  00007C
EUSART2_SetRxInterruptHandler@interruptHandler  cstackBANK0  00007C
EUSART2_SetTxInterruptHandler@interruptHandler  cstackBANK0  00007C
TMR1_WriteTimer@timerVal                        cstackBANK0  00007C
_ANSELA                                         (abs)        000F38
_ANSELB                                         (abs)        000F39
_ANSELC                                         (abs)        000F3A
_BAUDCON1                                       (abs)        000FB8
_BAUDCON2                                       (abs)        000F70
_CCP2CON                                        (abs)        000F66
_CCPR2H                                         (abs)        000F68
_CCPR2L                                         (abs)        000F67
_CCPTMRS0bits                                   (abs)        000F49
_ECCP2AS                                        (abs)        000F64
_EPWM2_Initialize                               text45       003590
_EPWM2_LoadDutyValue                            text4        0033F0
_EUSART1_DefaultErrorHandler                    (abs)        000000
_EUSART1_DefaultFramingErrorHandler             (abs)        000000
_EUSART1_DefaultOverrunErrorHandler             (abs)        000000
_EUSART1_ErrorHandler                           bssBANK1     000118
_EUSART1_FramingErrorHandler                    bssBANK1     00011C
_EUSART1_Initialize                             text41       0030A2
_EUSART1_OverrunErrorHandler                    bssBANK1     00011A
_EUSART1_Read                                   text49       0034A6
_EUSART1_SetErrorHandler                        text44       0036CC
_EUSART1_SetFramingErrorHandler                 text43       0036C2
_EUSART1_SetOverrunErrorHandler                 text42       0036B8
_EUSART1_Write                                  text23       0035E8
_EUSART1_is_rx_ready                            text48       003642
_EUSART2_DefaultErrorHandler                    text79       0036E6
_EUSART2_DefaultFramingErrorHandler             text78       0036F0
_EUSART2_DefaultOverrunErrorHandler             text77       0036E0
_EUSART2_ErrorHandler                           bssBANK1     00011E
_EUSART2_FramingErrorHandler                    bssBANK0     0000D0
_EUSART2_Initialize                             text35       002CA8
_EUSART2_OverrunErrorHandler                    bssBANK1     000120
_EUSART2_Read                                   text47       00300E
_EUSART2_Receive_ISR                            text51       002AB6
_EUSART2_RxDataHandler                          text80       00347A
_EUSART2_RxDefaultInterruptHandler              bssBANK0     0000D2
_EUSART2_SetErrorHandler                        text40       0036AE
_EUSART2_SetFramingErrorHandler                 text39       0036A4
_EUSART2_SetOverrunErrorHandler                 text38       00369A
_EUSART2_SetRxInterruptHandler                  text37       003690
_EUSART2_SetTxInterruptHandler                  text36       003686
_EUSART2_Transmit_ISR                           text76       00316E
_EUSART2_TxDefaultInterruptHandler              bssBANK0     0000D4
_EUSART2_is_rx_ready                            text46       003600
_INTCON2bits                                    (abs)        000FF1
_INTCONbits                                     (abs)        000FF2
_INTERRUPT_Initialize                           text34       0036EC
_INTERRUPT_InterruptManager                     intcode      000008
_IRreceiveBuffer                                bssBANK1     000159
_IRtransmitBuffer                               bssBANK1     000145
_LATA                                           (abs)        000F89
_LATB                                           (abs)        000F8A
_LATC                                           (abs)        000F8B
_OSCCON                                         (abs)        000FD3
_OSCCON2                                        (abs)        000FD2
_OSCILLATOR_Initialize                          text33       0035CC
_OSCTUNE                                        (abs)        000F9B
_PIE3bits                                       (abs)        000FA3
_PIN_MANAGER_Initialize                         text32       00344E
_PIR1bits                                       (abs)        000F9E
_PIR3bits                                       (abs)        000FA4
_PLLRDY                                         (abs)        007E97
_PR2                                            (abs)        000FBB
_PSTR2CON                                       (abs)        000F63
_PWM2CON                                        (abs)        000F65
_RCONbits                                       (abs)        000FD0
_RCREG1                                         (abs)        000FAE
_RCREG2                                         (abs)        000F74
_RCSTA1                                         (abs)        000FAB
_RCSTA1bits                                     (abs)        000FAB
_RCSTA2                                         (abs)        000F71
_RCSTA2bits                                     (abs)        000F71
_SPBRG1                                         (abs)        000FAF
_SPBRG2                                         (abs)        000F75
_SPBRGH1                                        (abs)        000FB0
_SPBRGH2                                        (abs)        000F76
_SYSTEM_Initialize                              text29       00356E
_T1CON                                          (abs)        000FCD
_T1CONbits                                      (abs)        000FCD
_T1GCON                                         (abs)        000FCC
_T1GCONbits                                     (abs)        000FCC
_T2CON                                          (abs)        000FBA
_T2CONbits                                      (abs)        000FBA
_TMR1                                           (abs)        000FCE
_TMR1H                                          (abs)        000FCF
_TMR1L                                          (abs)        000FCE
_TMR1_HasOverflowOccured                        text3        00362E
_TMR1_Initialize                                text31       0035B0
_TMR1_WriteTimer                                text2        003422
_TMR2                                           (abs)        000FBC
_TMR2_Initialize                                text30       003668
_TRISA                                          (abs)        000F92
_TRISB                                          (abs)        000F93
_TRISC                                          (abs)        000F94
_TXREG1                                         (abs)        000FAD
_TXREG2                                         (abs)        000F73
_TXSTA1                                         (abs)        000FAC
_TXSTA1bits                                     (abs)        000FAC
_TXSTA2                                         (abs)        000F72
_TXSTA2bits                                     (abs)        000F72
_WPUB                                           (abs)        000F61
__CFG_BOREN$SBORDIS                             (abs)        000000
__CFG_BORV$190                                  (abs)        000000
__CFG_CCP2MX$PORTC1                             (abs)        000000
__CFG_CCP3MX$PORTB5                             (abs)        000000
__CFG_CP0$OFF                                   (abs)        000000
__CFG_CP1$OFF                                   (abs)        000000
__CFG_CP2$OFF                                   (abs)        000000
__CFG_CP3$OFF                                   (abs)        000000
__CFG_CPB$OFF                                   (abs)        000000
__CFG_CPD$OFF                                   (abs)        000000
__CFG_DEBUG$OFF                                 (abs)        000000
__CFG_EBTR0$OFF                                 (abs)        000000
__CFG_EBTR1$OFF                                 (abs)        000000
__CFG_EBTR2$OFF                                 (abs)        000000
__CFG_EBTR3$OFF                                 (abs)        000000
__CFG_EBTRB$OFF                                 (abs)        000000
__CFG_FCMEN$OFF                                 (abs)        000000
__CFG_FOSC$INTIO67                              (abs)        000000
__CFG_HFOFST$ON                                 (abs)        000000
__CFG_IESO$OFF                                  (abs)        000000
__CFG_LVP$ON                                    (abs)        000000
__CFG_MCLRE$EXTMCLR                             (abs)        000000
__CFG_P2BMX$PORTB5                              (abs)        000000
__CFG_PBADEN$ON                                 (abs)        000000
__CFG_PLLCFG$OFF                                (abs)        000000
__CFG_PRICLKEN$ON                               (abs)        000000
__CFG_PWRTEN$OFF                                (abs)        000000
__CFG_STVREN$ON                                 (abs)        000000
__CFG_T3CMX$PORTC0                              (abs)        000000
__CFG_WDTEN$OFF                                 (abs)        000000
__CFG_WDTPS$32768                               (abs)        000000
__CFG_WRT0$OFF                                  (abs)        000000
__CFG_WRT1$OFF                                  (abs)        000000
__CFG_WRT2$OFF                                  (abs)        000000
__CFG_WRT3$OFF                                  (abs)        000000
__CFG_WRTB$OFF                                  (abs)        000000
__CFG_WRTC$OFF                                  (abs)        000000
__CFG_WRTD$OFF                                  (abs)        000000
__CFG_XINST$OFF                                 (abs)        000000
__HRAM                                          (abs)        000000
__Habs1                                         abs1         000000
__Hbank0                                        bank0        000000
__Hbank1                                        bank1        000000
__Hbank10                                       bank10       000000
__Hbank11                                       bank11       000000
__Hbank12                                       bank12       000000
__Hbank13                                       bank13       000000
__Hbank14                                       bank14       000000
__Hbank15                                       bank15       000000
__Hbank2                                        bank2        000000
__Hbank3                                        bank3        000000
__Hbank4                                        bank4        000000
__Hbank5                                        bank5        000000
__Hbank6                                        bank6        000000
__Hbank7                                        bank7        000000
__Hbank8                                        bank8        000000
__Hbank9                                        bank9        000000
__Hbigbss                                       bigbss       000000
__Hbigdata                                      bigdata      000000
__Hbigram                                       bigram       000000
__Hbss                                          bss          000000
__HbssBANK0                                     bssBANK0     000000
__HbssBANK1                                     bssBANK1     000000
__Hcinit                                        cinit        000000
__Hclrtext                                      clrtext      000000
__Hcomram                                       comram       000000
__Hconfig                                       config       30000E
__Hconst                                        const        000000
__HcstackBANK0                                  cstackBANK0  000000
__HcstackBANK1                                  cstackBANK1  000000
__HcstackCOMRAM                                 cstackCOMRAM 000000
__Hdata                                         data         000000
__HdataBANK1                                    dataBANK1    000000
__Heeprom_data                                  eeprom_data  000000
__Hfarbss                                       farbss       000000
__Hfardata                                      fardata      000000
__Hibigdata                                     ibigdata     000000
__Hidata                                        idata        000000
__HidataBANK1                                   idataBANK1   000000
__Hidloc                                        idloc        200008
__Hifardata                                     ifardata     000000
__Hinit                                         init         0000F4
__Hintcode                                      intcode      0000F0
__Hintcode_body                                 intcode_body 000000
__Hintcodelo                                    intcodelo    0000F0
__Hintentry                                     intentry     000000
__Hintret                                       intret       000000
__Hintsave_regs                                 intsave_regs 000000
__Hirdata                                       irdata       000000
__Hmediumconst                                  mediumconst  010000
__HnvFARRAM                                     nvFARRAM     000000
__Hnvbit                                        nvbit        000000
__Hnvrram                                       nvrram       000000
__Hparam                                        rparam       000000
__Hpowerup                                      powerup      0000F0
__Hram                                          ram          000000
__Hramtop                                       ramtop       001000
__Hrbit                                         rbit         000000
__Hrbss                                         rbss         000000
__Hrdata                                        rdata        000000
__Hreset_vec                                    reset_vec    000004
__Hrparam                                       rparam       000000
__Hsfr                                          sfr          000000
__Hsmallconst                                   smallconst   000000
__Hspace_0                                      (abs)        30000E
__Hspace_1                                      (abs)        0001C7
__Hspace_2                                      (abs)        000000
__Hstack                                        stack        000000
__Hstruct                                       struct       000000
__Htemp                                         temp         000060
__Htext                                         text         000000
__Htext0                                        text0        000000
__Htext1                                        text1        000000
__Htext10                                       text10       000000
__Htext11                                       text11       000000
__Htext12                                       text12       000000
__Htext13                                       text13       000000
__Htext14                                       text14       000000
__Htext15                                       text15       000000
__Htext16                                       text16       000000
__Htext17                                       text17       000000
__Htext18                                       text18       000000
__Htext19                                       text19       000000
__Htext2                                        text2        000000
__Htext20                                       text20       000000
__Htext21                                       text21       000000
__Htext22                                       text22       000000
__Htext23                                       text23       000000
__Htext24                                       text24       000000
__Htext25                                       text25       000000
__Htext26                                       text26       000000
__Htext27                                       text27       000000
__Htext28                                       text28       000000
__Htext29                                       text29       000000
__Htext3                                        text3        000000
__Htext30                                       text30       000000
__Htext31                                       text31       000000
__Htext32                                       text32       000000
__Htext33                                       text33       000000
__Htext34                                       text34       000000
__Htext35                                       text35       000000
__Htext36                                       text36       000000
__Htext37                                       text37       000000
__Htext38                                       text38       000000
__Htext39                                       text39       000000
__Htext4                                        text4        000000
__Htext40                                       text40       000000
__Htext41                                       text41       000000
__Htext42                                       text42       000000
__Htext43                                       text43       000000
__Htext44                                       text44       000000
__Htext45                                       text45       000000
__Htext46                                       text46       000000
__Htext47                                       text47       000000
__Htext48                                       text48       000000
__Htext49                                       text49       000000
__Htext5                                        text5        000000
__Htext51                                       text51       000000
__Htext52                                       text52       000000
__Htext53                                       text53       000000
__Htext54                                       text54       000000
__Htext55                                       text55       000000
__Htext56                                       text56       000000
__Htext57                                       text57       000000
__Htext58                                       text58       000000
__Htext59                                       text59       000000
__Htext6                                        text6        000000
__Htext60                                       text60       000000
__Htext61                                       text61       000000
__Htext62                                       text62       000000
__Htext63                                       text63       000000
__Htext64                                       text64       000000
__Htext65                                       text65       000000
__Htext66                                       text66       000000
__Htext67                                       text67       000000
__Htext68                                       text68       000000
__Htext69                                       text69       000000
__Htext7                                        text7        000000
__Htext70                                       text70       000000
__Htext71                                       text71       000000
__Htext72                                       text72       000000
__Htext73                                       text73       000000
__Htext74                                       text74       000000
__Htext75                                       text75       000000
__Htext76                                       text76       000000
__Htext77                                       text77       000000
__Htext78                                       text78       000000
__Htext79                                       text79       000000
__Htext8                                        text8        000000
__Htext80                                       text80       000000
__Htext81                                       text81       000000
__Htext9                                        text9        000000
__LRAM                                          (abs)        000001
__Labs1                                         abs1         000000
__Lbank0                                        bank0        000000
__Lbank1                                        bank1        000000
__Lbank10                                       bank10       000000
__Lbank11                                       bank11       000000
__Lbank12                                       bank12       000000
__Lbank13                                       bank13       000000
__Lbank14                                       bank14       000000
__Lbank15                                       bank15       000000
__Lbank2                                        bank2        000000
__Lbank3                                        bank3        000000
__Lbank4                                        bank4        000000
__Lbank5                                        bank5        000000
__Lbank6                                        bank6        000000
__Lbank7                                        bank7        000000
__Lbank8                                        bank8        000000
__Lbank9                                        bank9        000000
__Lbigbss                                       bigbss       000000
__Lbigdata                                      bigdata      000000
__Lbigram                                       bigram       000000
__Lbss                                          bss          000000
__LbssBANK0                                     bssBANK0     000000
__LbssBANK1                                     bssBANK1     000000
__Lcinit                                        cinit        000000
__Lclrtext                                      clrtext      000000
__Lcomram                                       comram       000000
__Lconfig                                       config       300000
__Lconst                                        const        000000
__LcstackBANK0                                  cstackBANK0  000000
__LcstackBANK1                                  cstackBANK1  000000
__LcstackCOMRAM                                 cstackCOMRAM 000000
__Ldata                                         data         000000
__LdataBANK1                                    dataBANK1    000000
__Leeprom_data                                  eeprom_data  000000
__Lfarbss                                       farbss       000000
__Lfardata                                      fardata      000000
__Libigdata                                     ibigdata     000000
__Lidata                                        idata        000000
__LidataBANK1                                   idataBANK1   000000
__Lidloc                                        idloc        200000
__Lifardata                                     ifardata     000000
__Linit                                         init         0000F0
__Lintcode                                      intcode      000008
__Lintcode_body                                 intcode_body 000000
__Lintcodelo                                    intcodelo    0000F0
__Lintentry                                     intentry     000000
__Lintret                                       intret       000000
__Lintsave_regs                                 intsave_regs 000000
__Lirdata                                       irdata       000000
__Lmediumconst                                  mediumconst  00FC98
__LnvFARRAM                                     nvFARRAM     000000
__Lnvbit                                        nvbit        000000
__Lnvrram                                       nvrram       000000
__Lparam                                        rparam       000000
__Lpowerup                                      powerup      0000F0
__Lram                                          ram          000000
__Lramtop                                       ramtop       001000
__Lrbit                                         rbit         000000
__Lrbss                                         rbss         000000
__Lrdata                                        rdata        000000
__Lreset_vec                                    reset_vec    000000
__Lrparam                                       rparam       000000
__Lsfr                                          sfr          000000
__Lsmallconst                                   smallconst   000000
__Lspace_0                                      (abs)        000000
__Lspace_1                                      (abs)        000000
__Lspace_2                                      (abs)        000000
__Lstack                                        stack        000000
__Lstruct                                       struct       000000
__Ltemp                                         temp         00005F
__Ltext                                         text         000000
__Ltext0                                        text0        000000
__Ltext1                                        text1        000000
__Ltext10                                       text10       000000
__Ltext11                                       text11       000000
__Ltext12                                       text12       000000
__Ltext13                                       text13       000000
__Ltext14                                       text14       000000
__Ltext15                                       text15       000000
__Ltext16                                       text16       000000
__Ltext17                                       text17       000000
__Ltext18                                       text18       000000
__Ltext19                                       text19       000000
__Ltext2                                        text2        000000
__Ltext20                                       text20       000000
__Ltext21                                       text21       000000
__Ltext22                                       text22       000000
__Ltext23                                       text23       000000
__Ltext24                                       text24       000000
__Ltext25                                       text25       000000
__Ltext26                                       text26       000000
__Ltext27                                       text27       000000
__Ltext28                                       text28       000000
__Ltext29                                       text29       000000
__Ltext3                                        text3        000000
__Ltext30                                       text30       000000
__Ltext31                                       text31       000000
__Ltext32                                       text32       000000
__Ltext33                                       text33       000000
__Ltext34                                       text34       000000
__Ltext35                                       text35       000000
__Ltext36                                       text36       000000
__Ltext37                                       text37       000000
__Ltext38                                       text38       000000
__Ltext39                                       text39       000000
__Ltext4                                        text4        000000
__Ltext40                                       text40       000000
__Ltext41                                       text41       000000
__Ltext42                                       text42       000000
__Ltext43                                       text43       000000
__Ltext44                                       text44       000000
__Ltext45                                       text45       000000
__Ltext46                                       text46       000000
__Ltext47                                       text47       000000
__Ltext48                                       text48       000000
__Ltext49                                       text49       000000
__Ltext5                                        text5        000000
__Ltext51                                       text51       000000
__Ltext52                                       text52       000000
__Ltext53                                       text53       000000
__Ltext54                                       text54       000000
__Ltext55                                       text55       000000
__Ltext56                                       text56       000000
__Ltext57                                       text57       000000
__Ltext58                                       text58       000000
__Ltext59                                       text59       000000
__Ltext6                                        text6        000000
__Ltext60                                       text60       000000
__Ltext61                                       text61       000000
__Ltext62                                       text62       000000
__Ltext63                                       text63       000000
__Ltext64                                       text64       000000
__Ltext65                                       text65       000000
__Ltext66                                       text66       000000
__Ltext67                                       text67       000000
__Ltext68                                       text68       000000
__Ltext69                                       text69       000000
__Ltext7                                        text7        000000
__Ltext70                                       text70       000000
__Ltext71                                       text71       000000
__Ltext72                                       text72       000000
__Ltext73                                       text73       000000
__Ltext74                                       text74       000000
__Ltext75                                       text75       000000
__Ltext76                                       text76       000000
__Ltext77                                       text77       000000
__Ltext78                                       text78       000000
__Ltext79                                       text79       000000
__Ltext8                                        text8        000000
__Ltext80                                       text80       000000
__Ltext81                                       text81       000000
__Ltext9                                        text9        000000
__S0                                            (abs)        30000E
__S1                                            (abs)        0001C7
__S2                                            (abs)        000000
___inthi_sp                                     stack        000000
___intlo_sp                                     stack        000000
___lodiv                                        text15       0024D8
___lodiv@counter                                cstackBANK0  000094
___lodiv@dividend                               cstackBANK0  00007C
___lodiv@divisor                                cstackBANK0  000084
___lodiv@quotient                               cstackBANK0  00008C
___lomod                                        text14       0026BA
___lomod@counter                                cstackBANK0  00008C
___lomod@dividend                               cstackBANK0  00007C
___lomod@divisor                                cstackBANK0  000084
___param_bank                                   (abs)        000000
___rparam_used                                  (abs)        000001
___sp                                           stack        000000
___wmul                                         text27       0034F8
___wmul@multiplicand                            cstackBANK0  00007E
___wmul@multiplier                              cstackBANK0  00007C
___wmul@product                                 cstackBANK0  000080
__accesstop                                     (abs)        000060
__activetblptr                                  (abs)        000003
__end_of_EPWM2_Initialize                       text45       0035B0
__end_of_EPWM2_LoadDutyValue                    text4        003422
__end_of_EUSART1_Initialize                     text41       0030E8
__end_of_EUSART1_Read                           text49       0034D0
__end_of_EUSART1_SetErrorHandler                text44       0036D6
__end_of_EUSART1_SetFramingErrorHandler         text43       0036CC
__end_of_EUSART1_SetOverrunErrorHandler         text42       0036C2
__end_of_EUSART1_Write                          text23       003600
__end_of_EUSART1_is_rx_ready                    text48       003656
__end_of_EUSART2_DefaultErrorHandler            text79       0036EC
__end_of_EUSART2_DefaultFramingErrorHandler     text78       0036F2
__end_of_EUSART2_DefaultOverrunErrorHandler     text77       0036E6
__end_of_EUSART2_Initialize                     text35       002D28
__end_of_EUSART2_Read                           text47       00305A
__end_of_EUSART2_Receive_ISR                    text51       002B7A
__end_of_EUSART2_RxDataHandler                  text80       0034A6
__end_of_EUSART2_SetErrorHandler                text40       0036B8
__end_of_EUSART2_SetFramingErrorHandler         text39       0036AE
__end_of_EUSART2_SetOverrunErrorHandler         text38       0036A4
__end_of_EUSART2_SetRxInterruptHandler          text37       00369A
__end_of_EUSART2_SetTxInterruptHandler          text36       003690
__end_of_EUSART2_Transmit_ISR                   text76       0031B0
__end_of_EUSART2_is_rx_ready                    text46       003618
__end_of_INTERRUPT_Initialize                   text34       0036F0
__end_of_INTERRUPT_InterruptManager             intcode      0000F0
__end_of_OSCILLATOR_Initialize                  text33       0035E8
__end_of_PIN_MANAGER_Initialize                 text32       00347A
__end_of_SYSTEM_Initialize                      text29       003590
__end_of_TMR1_HasOverflowOccured                text3        003642
__end_of_TMR1_Initialize                        text31       0035CC
__end_of_TMR1_WriteTimer                        text2        00344E
__end_of_TMR2_Initialize                        text30       003678
__end_of___lodiv                                text15       0025CA
__end_of___lomod                                text14       00278C
__end_of___wmul                                 text27       003520
__end_of__initialization                        cinit        003164
__end_of_atoi                                   text24       001DBA
__end_of_ctoa                                   text17       002EAE
__end_of_fputc                                  text21       002C12
__end_of_fputs                                  text20       0030A2
__end_of_isalpha                                text12       0031EE
__end_of_isdigit                                text26       003312
__end_of_islower                                text10       003264
__end_of_isspace                                text25       002FBC
__end_of_isupper                                text11       00329E
__end_of_main                                   text0        0007D2
__end_of_memset                                 text28       0023DE
__end_of_myEUSART2ISR                           text52       0029F0
__end_of_pad                                    text18       002926
__end_of_printf                                 text5        0034F8
__end_of_putch                                  text22       003686
__end_of_stoa                                   text16       0020E0
__end_of_strlen                                 text19       0032D8
__end_of_toupper                                text9        002E50
__end_of_transmitCharacterOverIR                text1        0024D8
__end_of_utoa                                   text13       001A18
__end_of_vfpfcnvrt                              text7        000D22
__end_of_vfprintf                               text6        002D8C
__end_of_xtoa                                   text8        001538
__end_ofi2_EUSART1_Write                        text71       00362E
__end_ofi2___lodiv                              text63       0026BA
__end_ofi2___lomod                              text62       00285C
__end_ofi2___wmul                               text75       00356E
__end_ofi2_atoi                                 text72       001F54
__end_ofi2_ctoa                                 text65       002F68
__end_ofi2_fputc                                text69       002CA8
__end_ofi2_fputs                                text68       00312C
__end_ofi2_isalpha                              text60       00322A
__end_ofi2_isdigit                              text74       0033BA
__end_ofi2_islower                              text58       00334A
__end_ofi2_isspace                              text73       00300E
__end_ofi2_isupper                              text59       003382
__end_ofi2_pad                                  text66       002AB6
__end_ofi2_printf                               text53       003548
__end_ofi2_putch                                text70       0036E0
__end_ofi2_stoa                                 text64       002266
__end_ofi2_strlen                               text67       0033F0
__end_ofi2_toupper                              text57       002F0C
__end_ofi2_utoa                                 text61       001C1C
__end_ofi2_vfpfcnvrt                            text55       00125E
__end_ofi2_vfprintf                             text54       002DF0
__end_ofi2_xtoa                                 text56       001812
__initialization                                cinit        00312C
__mediumconst                                   mediumconst  00FC98
__pbssBANK0                                     bssBANK0     0000C8
__pbssBANK1                                     bssBANK1     000100
__pcinit                                        cinit        00312C
__pcstackBANK0                                  cstackBANK0  000060
__pcstackBANK1                                  cstackBANK1  00016D
__pcstackCOMRAM                                 cstackCOMRAM 000001
__pdataBANK1                                    dataBANK1    0001B6
__pidataBANK1                                   idataBANK1   003656
__pintcode                                      intcode      000008
__pmediumconst                                  mediumconst  00FC98
__ptext0                                        text0        0000F4
__ptext1                                        text1        0023DE
__ptext10                                       text10       00322A
__ptext11                                       text11       003264
__ptext12                                       text12       0031B0
__ptext13                                       text13       001812
__ptext14                                       text14       0026BA
__ptext15                                       text15       0024D8
__ptext16                                       text16       001F54
__ptext17                                       text17       002E50
__ptext18                                       text18       00285C
__ptext19                                       text19       00329E
__ptext2                                        text2        003422
__ptext20                                       text20       00305A
__ptext21                                       text21       002B7A
__ptext22                                       text22       003678
__ptext23                                       text23       0035E8
__ptext24                                       text24       001C1C
__ptext25                                       text25       002F68
__ptext26                                       text26       0032D8
__ptext27                                       text27       0034F8
__ptext28                                       text28       002266
__ptext29                                       text29       00356E
__ptext3                                        text3        00362E
__ptext30                                       text30       003668
__ptext31                                       text31       0035B0
__ptext32                                       text32       00344E
__ptext33                                       text33       0035CC
__ptext34                                       text34       0036EC
__ptext35                                       text35       002CA8
__ptext36                                       text36       003686
__ptext37                                       text37       003690
__ptext38                                       text38       00369A
__ptext39                                       text39       0036A4
__ptext4                                        text4        0033F0
__ptext40                                       text40       0036AE
__ptext41                                       text41       0030A2
__ptext42                                       text42       0036B8
__ptext43                                       text43       0036C2
__ptext44                                       text44       0036CC
__ptext45                                       text45       003590
__ptext46                                       text46       003600
__ptext47                                       text47       00300E
__ptext48                                       text48       003642
__ptext49                                       text49       0034A6
__ptext5                                        text5        0034D0
__ptext51                                       text51       002AB6
__ptext52                                       text52       002926
__ptext53                                       text53       003520
__ptext54                                       text54       002D8C
__ptext55                                       text55       000D22
__ptext56                                       text56       001538
__ptext57                                       text57       002EAE
__ptext58                                       text58       003312
__ptext59                                       text59       00334A
__ptext6                                        text6        002D28
__ptext60                                       text60       0031EE
__ptext61                                       text61       001A18
__ptext62                                       text62       00278C
__ptext63                                       text63       0025CA
__ptext64                                       text64       0020E0
__ptext65                                       text65       002F0C
__ptext66                                       text66       0029F0
__ptext67                                       text67       0033BA
__ptext68                                       text68       0030E8
__ptext69                                       text69       002C12
__ptext7                                        text7        0007D2
__ptext70                                       text70       0036D6
__ptext71                                       text71       003618
__ptext72                                       text72       001DBA
__ptext73                                       text73       002FBC
__ptext74                                       text74       003382
__ptext75                                       text75       003548
__ptext76                                       text76       00316E
__ptext77                                       text77       0036E0
__ptext78                                       text78       0036F0
__ptext79                                       text79       0036E6
__ptext8                                        text8        00125E
__ptext80                                       text80       00347A
__ptext81                                       text81       000000
__ptext9                                        text9        002DF0
__ramtop                                        ramtop       001000
__size_of_EPWM2_Initialize                      (abs)        000000
__size_of_EPWM2_LoadDutyValue                   (abs)        000000
__size_of_EUSART1_Initialize                    (abs)        000000
__size_of_EUSART1_Read                          (abs)        000000
__size_of_EUSART1_SetErrorHandler               (abs)        000000
__size_of_EUSART1_SetFramingErrorHandler        (abs)        000000
__size_of_EUSART1_SetOverrunErrorHandler        (abs)        000000
__size_of_EUSART1_Write                         (abs)        000000
__size_of_EUSART1_is_rx_ready                   (abs)        000000
__size_of_EUSART2_DefaultErrorHandler           (abs)        000000
__size_of_EUSART2_DefaultFramingErrorHandler    (abs)        000000
__size_of_EUSART2_DefaultOverrunErrorHandler    (abs)        000000
__size_of_EUSART2_Initialize                    (abs)        000000
__size_of_EUSART2_Read                          (abs)        000000
__size_of_EUSART2_Receive_ISR                   (abs)        000000
__size_of_EUSART2_RxDataHandler                 (abs)        000000
__size_of_EUSART2_SetErrorHandler               (abs)        000000
__size_of_EUSART2_SetFramingErrorHandler        (abs)        000000
__size_of_EUSART2_SetOverrunErrorHandler        (abs)        000000
__size_of_EUSART2_SetRxInterruptHandler         (abs)        000000
__size_of_EUSART2_SetTxInterruptHandler         (abs)        000000
__size_of_EUSART2_Transmit_ISR                  (abs)        000000
__size_of_EUSART2_is_rx_ready                   (abs)        000000
__size_of_INTERRUPT_Initialize                  (abs)        000000
__size_of_INTERRUPT_InterruptManager            (abs)        000000
__size_of_OSCILLATOR_Initialize                 (abs)        000000
__size_of_PIN_MANAGER_Initialize                (abs)        000000
__size_of_SYSTEM_Initialize                     (abs)        000000
__size_of_TMR1_HasOverflowOccured               (abs)        000000
__size_of_TMR1_Initialize                       (abs)        000000
__size_of_TMR1_WriteTimer                       (abs)        000000
__size_of_TMR2_Initialize                       (abs)        000000
__size_of___lodiv                               (abs)        000000
__size_of___lomod                               (abs)        000000
__size_of___wmul                                (abs)        000000
__size_of_atoi                                  (abs)        000000
__size_of_ctoa                                  (abs)        000000
__size_of_fputc                                 (abs)        000000
__size_of_fputs                                 (abs)        000000
__size_of_isalpha                               (abs)        000000
__size_of_isdigit                               (abs)        000000
__size_of_islower                               (abs)        000000
__size_of_isspace                               (abs)        000000
__size_of_isupper                               (abs)        000000
__size_of_main                                  (abs)        000000
__size_of_memset                                (abs)        000000
__size_of_myEUSART2ISR                          (abs)        000000
__size_of_pad                                   (abs)        000000
__size_of_printf                                (abs)        000000
__size_of_putch                                 (abs)        000000
__size_of_stoa                                  (abs)        000000
__size_of_strlen                                (abs)        000000
__size_of_toupper                               (abs)        000000
__size_of_transmitCharacterOverIR               (abs)        000000
__size_of_utoa                                  (abs)        000000
__size_of_vfpfcnvrt                             (abs)        000000
__size_of_vfprintf                              (abs)        000000
__size_of_xtoa                                  (abs)        000000
__size_ofi2_EUSART1_Write                       (abs)        000000
__size_ofi2___lodiv                             (abs)        000000
__size_ofi2___lomod                             (abs)        000000
__size_ofi2___wmul                              (abs)        000000
__size_ofi2_atoi                                (abs)        000000
__size_ofi2_ctoa                                (abs)        000000
__size_ofi2_fputc                               (abs)        000000
__size_ofi2_fputs                               (abs)        000000
__size_ofi2_isalpha                             (abs)        000000
__size_ofi2_isdigit                             (abs)        000000
__size_ofi2_islower                             (abs)        000000
__size_ofi2_isspace                             (abs)        000000
__size_ofi2_isupper                             (abs)        000000
__size_ofi2_pad                                 (abs)        000000
__size_ofi2_printf                              (abs)        000000
__size_ofi2_putch                               (abs)        000000
__size_ofi2_stoa                                (abs)        000000
__size_ofi2_strlen                              (abs)        000000
__size_ofi2_toupper                             (abs)        000000
__size_ofi2_utoa                                (abs)        000000
__size_ofi2_vfpfcnvrt                           (abs)        000000
__size_ofi2_vfprintf                            (abs)        000000
__size_ofi2_xtoa                                (abs)        000000
__smallconst                                    smallconst   000000
_atoi                                           text24       001C1C
_atoi$1976                                      cstackBANK0  00008B
_atoi$1977                                      cstackBANK0  00008F
_atoi$1978                                      cstackBANK0  00008D
_checkSumRx                                     bssBANK1     000122
_checkSumTx                                     bssBANK1     000123
_ctoa                                           text17       002E50
_dbuf                                           bssBANK1     000125
_eusart1RxLastError                             bssBANK0     0000DC
_eusart2RxBuffer                                bssBANK1     000108
_eusart2RxCount                                 bssBANK0     0000DE
_eusart2RxHead                                  bssBANK0     0000E0
_eusart2RxLastError                             bssBANK0     0000DD
_eusart2RxStatusBuffer                          bssBANK1     000100
_eusart2RxTail                                  bssBANK0     0000DF
_eusart2TxBuffer                                bssBANK1     000110
_eusart2TxBufferRemaining                       bssBANK0     0000E1
_eusart2TxHead                                  bssBANK0     0000E3
_eusart2TxTail                                  bssBANK0     0000E2
_flags                                          bssBANK0     0000CE
_fputc                                          text21       002B7A
_fputs                                          text20       00305A
_isalpha                                        text12       0031B0
_isdigit                                        text26       0032D8
_islower                                        text10       00322A
_isspace                                        text25       002F68
_isspace$2003                                   cstackBANK0  000082
_isupper                                        text11       003264
_main                                           text0        0000F4
_mask                                           bssBANK0     0000DA
_memset                                         text28       002266
_myEUSART2ISR                                   text52       002926
_nout                                           bssBANK0     0000C8
_pad                                            text18       00285C
_prec                                           bssBANK0     0000CC
_printf                                         text5        0034D0
_putch                                          text22       003678
_receiveBusy                                    bssBANK0     0000DB
_receiveNewMessage                              bssBANK1     000124
_stoa                                           text16       001F54
_strlen                                         text19       00329E
_timer1ReloadVal                                bssBANK0     0000D6
_toupper                                        text9        002DF0
_toupper$2074                                   cstackBANK0  000088
_transmitCharacterOverIR                        text1        0023DE
_utoa                                           text13       001812
_vfpfcnvrt                                      text7        0007D2
_vfpfcnvrt$1518                                 cstackBANK1  000175
_vfprintf                                       text6        002D28
_width                                          bssBANK0     0000CA
_xtoa                                           text8        00125E
_xtoa$1503                                      cstackBANK0  0000AC
_xtoa$1504                                      cstackBANK0  0000AE
atoi@n                                          cstackBANK0  000090
atoi@neg                                        cstackBANK0  000089
atoi@s                                          cstackBANK0  000083
btemp                                           temp         00005F
ctoa@c                                          cstackBANK0  00009B
ctoa@fp                                         cstackBANK0  000099
ctoa@w                                          cstackBANK0  00009C
end_of_initialization                           cinit        003164
fputc@c                                         cstackBANK0  00007E
fputc@fp                                        cstackBANK0  000080
fputs@c                                         cstackBANK0  00008B
fputs@fp                                        cstackBANK0  000089
fputs@i                                         cstackBANK0  00008C
fputs@s                                         cstackBANK0  000087
[...]
      Locals:         9       0       0       0       0       0       0       0       0       0       0       0       0       0       0       0       0
      Temps:          4       0       0       0       0       0       0       0       0       0       0       0       0       0       0       0       0
      Totals:        15       0       0       0       0       0       0       0       0       0       0       0       0       0       0       0       0
Total ram usage:       15 bytes
 Hardware stack levels used:    1
 Hardware stack levels required when called:    1
 This function calls:
		i2___wmul
		i2_isdigit
		i2_isspace
 This function is called by:
		i2_vfpfcnvrt
 This function uses a non-reentrant model


 *************** function i2_isspace *****************
 Defined at:
		line 5 in file "C:\Program Files (x86)\Microchip\xc8\v2.10\pic\sources\c99\common\isspace.c"
 Parameters:    Size  Location     Type
  c               2    0[COMRAM] int 
 Auto vars:     Size  Location     Type
		None
 Return value:  Size  Location     Type
                  2    0[COMRAM] int 
 Registers used:
		wreg, status,2, status,0
 Tracked objects:
		On entry : 
		On exit  : 
		Unchanged: 
 Data sizes:     COMRAM   BANK0   BANK1   BANK2   BANK3   BANK4   BANK5   BANK6   BANK7   BANK8   BANK9  BANK10  BANK11  BANK12  BANK13  BANK14  BANK15
      Params:         2       0       0       0       0       0       0       0       0       0       0       0       0       0       0       0       0
      Locals:         1       0       0       0       0       0       0       0       0       0       0       0       0       0       0       0       0
      Temps:          4       0       0       0       0       0       0       0       0       0       0       0       0       0       0       0       0
      Totals:         7       0       0       0       0       0       0       0       0       0       0       0       0       0       0       0       0
Total ram usage:        7 bytes
 Hardware stack levels used:    1
 This function calls:
		Nothing
 This function is called by:
		i2_atoi
 This function uses a non-reentrant model


 *************** function i2_isdigit *****************
 Defined at:
		line 5 in file "C:\Program Files (x86)\Microchip\xc8\v2.10\pic\sources\c99\common\isdigit.c"
 Parameters:    Size  Location     Type
  c               2    0[COMRAM] int 
 Auto vars:     Size  Location     Type
		None
 Return value:  Size  Location     Type
                  2    0[COMRAM] int 
 Registers used:
		wreg, status,2, status,0
 Tracked objects:
		On entry : 
		On exit  : 
		Unchanged: 
 Data sizes:     COMRAM   BANK0   BANK1   BANK2   BANK3   BANK4   BANK5   BANK6   BANK7   BANK8   BANK9  BANK10  BANK11  BANK12  BANK13  BANK14  BANK15
      Params:         2       0       0       0       0       0       0       0       0       0       0       0       0       0       0       0       0
      Locals:         0       0       0       0       0       0       0       0       0       0       0       0       0       0       0       0       0
      Temps:          4       0       0       0       0       0       0       0       0       0       0       0       0       0       0       0       0
      Totals:         6       0       0       0       0       0       0       0       0       0       0       0       0       0       0       0       0
Total ram usage:        6 bytes
 Hardware stack levels used:    1
 This function calls:
		Nothing
 This function is called by:
		i2_vfpfcnvrt
		i2_atoi
 This function uses a non-reentrant model


 *************** function i2___wmul *****************
 Defined at:
		line 15 in file "C:\Program Files (x86)\Microchip\xc8\v2.10\pic\sources\c99\common\Umul16.c"
 Parameters:    Size  Location     Type
  multiplier      2    0[COMRAM] unsigned int 
  multiplicand    2    2[COMRAM] unsigned int 
 Auto vars:     Size  Location     Type
  __wmul          2    4[COMRAM] unsigned int 
 Return value:  Size  Location     Type
                  2    0[COMRAM] unsigned int 
 Registers used:
		wreg, status,2, status,0, prodl, prodh
 Tracked objects:
		On entry : 
		On exit  : 
		Unchanged: 
 Data sizes:     COMRAM   BANK0   BANK1   BANK2   BANK3   BANK4   BANK5   BANK6   BANK7   BANK8   BANK9  BANK10  BANK11  BANK12  BANK13  BANK14  BANK15
      Params:         4       0       0       0       0       0       0       0       0       0       0       0       0       0       0       0       0
      Locals:         2       0       0       0       0       0       0       0       0       0       0       0       0       0       0       0       0
      Temps:          0       0       0       0       0       0       0       0       0       0       0       0       0       0       0       0       0
      Totals:         6       0       0       0       0       0       0       0       0       0       0       0       0       0       0       0       0
Total ram usage:        6 bytes
 Hardware stack levels used:    1
 This function calls:
		Nothing
 This function is called by:
		i2_atoi
 This function uses a non-reentrant model


 *************** function _EUSART2_Transmit_ISR *****************
 Defined at:
		line 197 in file "mcc_generated_files/eusart2.c"
 Parameters:    Size  Location     Type
		None
 Auto vars:     Size  Location     Type
		None
 Return value:  Size  Location     Type
                  1    wreg      void 
 Registers used:
		wreg, fsr2l, fsr2h, status,2, status,0
 Tracked objects:
		On entry : 
		On exit  : 
		Unchanged: 
 Data sizes:     COMRAM   BANK0   BANK1   BANK2   BANK3   BANK4   BANK5   BANK6   BANK7   BANK8   BANK9  BANK10  BANK11  BANK12  BANK13  BANK14  BANK15
      Params:         0       0       0       0       0       0       0       0       0       0       0       0       0       0       0       0       0
      Locals:         0       0       0       0       0       0       0       0       0       0       0       0       0       0       0       0       0
      Temps:          0       0       0       0       0       0       0       0       0       0       0       0       0       0       0       0       0
      Totals:         0       0       0       0       0       0       0       0       0       0       0       0       0       0       0       0       0
Total ram usage:        0 bytes
 Hardware stack levels used:    1
 This function calls:
		Nothing
 This function is called by:
		_EUSART2_Initialize
		_INTERRUPT_InterruptManager
 This function uses a non-reentrant model


 *************** function _EUSART2_DefaultOverrunErrorHandler *****************
 Defined at:
		line 252 in file "mcc_generated_files/eusart2.c"
 Parameters:    Size  Location     Type
		None
 Auto vars:     Size  Location     Type
		None
 Return value:  Size  Location     Type
                  1    wreg      void 
 Registers used:
		None
 Tracked objects:
		On entry : 
		On exit  : 
		Unchanged: 
 Data sizes:     COMRAM   BANK0   BANK1   BANK2   BANK3   BANK4   BANK5   BANK6   BANK7   BANK8   BANK9  BANK10  BANK11  BANK12  BANK13  BANK14  BANK15
      Params:         0       0       0       0       0       0       0       0       0       0       0       0       0       0       0       0       0
      Locals:         0       0       0       0       0       0       0       0       0       0       0       0       0       0       0       0       0
      Temps:          0       0       0       0       0       0       0       0       0       0       0       0       0       0       0       0       0
      Totals:         0       0       0       0       0       0       0       0       0       0       0       0       0       0       0       0       0
Total ram usage:        0 bytes
 Hardware stack levels used:    1
 This function calls:
		Nothing
 This function is called by:
		_EUSART2_Initialize
		_EUSART2_Receive_ISR
 This function uses a non-reentrant model


 *************** function _EUSART2_DefaultFramingErrorHandler *****************
 Defined at:
		line 250 in file "mcc_generated_files/eusart2.c"
 Parameters:    Size  Location     Type
		None
 Auto vars:     Size  Location     Type
		None
 Return value:  Size  Location     Type
                  1    wreg      void 
 Registers used:
		None
 Tracked objects:
		On entry : 
		On exit  : 
		Unchanged: 
 Data sizes:     COMRAM   BANK0   BANK1   BANK2   BANK3   BANK4   BANK5   BANK6   BANK7   BANK8   BANK9  BANK10  BANK11  BANK12  BANK13  BANK14  BANK15
      Params:         0       0       0       0       0       0       0       0       0       0       0       0       0       0       0       0       0
      Locals:         0       0       0       0       0       0       0       0       0       0       0       0       0       0       0       0       0
      Temps:          0       0       0       0       0       0       0       0       0       0       0       0       0       0       0       0       0
      Totals:         0       0       0       0       0       0       0       0       0       0       0       0       0       0       0       0       0
Total ram usage:        0 bytes
 Hardware stack levels used:    1
 This function calls:
		Nothing
 This function is called by:
		_EUSART2_Initialize
		_EUSART2_Receive_ISR
 This function uses a non-reentrant model


 *************** function _EUSART2_DefaultErrorHandler *****************
 Defined at:
		line 260 in file "mcc_generated_files/eusart2.c"
 Parameters:    Size  Location     Type
		None
 Auto vars:     Size  Location     Type
		None
 Return value:  Size  Location     Type
                  1    wreg      void 
 Registers used:
		wreg, fsr2l, fsr2h, status,2, status,0, cstack
 Tracked objects:
		On entry : 
		On exit  : 
		Unchanged: 
 Data sizes:     COMRAM   BANK0   BANK1   BANK2   BANK3   BANK4   BANK5   BANK6   BANK7   BANK8   BANK9  BANK10  BANK11  BANK12  BANK13  BANK14  BANK15
      Params:         0       0       0       0       0       0       0       0       0       0       0       0       0       0       0       0       0
      Locals:         0       0       0       0       0       0       0       0       0       0       0       0       0       0       0       0       0
      Temps:          0       0       0       0       0       0       0       0       0       0       0       0       0       0       0       0       0
      Totals:         0       0       0       0       0       0       0       0       0       0       0       0       0       0       0       0       0
Total ram usage:        0 bytes
 Hardware stack levels used:    1
 Hardware stack levels required when called:    1
 This function calls:
		_EUSART2_RxDataHandler
 This function is called by:
		_EUSART2_Initialize
		_EUSART2_Receive_ISR
 This function uses a non-reentrant model


 *************** function _EUSART2_RxDataHandler *****************
 Defined at:
		line 240 in file "mcc_generated_files/eusart2.c"
 Parameters:    Size  Location     Type
		None
 Auto vars:     Size  Location     Type
		None
 Return value:  Size  Location     Type
                  1    wreg      void 
 Registers used:
		wreg, fsr2l, fsr2h, status,2, status,0
 Tracked objects:
		On entry : 
		On exit  : 
		Unchanged: 
 Data sizes:     COMRAM   BANK0   BANK1   BANK2   BANK3   BANK4   BANK5   BANK6   BANK7   BANK8   BANK9  BANK10  BANK11  BANK12  BANK13  BANK14  BANK15
      Params:         0       0       0       0       0       0       0       0       0       0       0       0       0       0       0       0       0
      Locals:         0       0       0       0       0       0       0       0       0       0       0       0       0       0       0       0       0
      Temps:          0       0       0       0       0       0       0       0       0       0       0       0       0       0       0       0       0
      Totals:         0       0       0       0       0       0       0       0       0       0       0       0       0       0       0       0       0
Total ram usage:        0 bytes
 Hardware stack levels used:    1
 This function calls:
		Nothing
 This function is called by:
		_EUSART2_Receive_ISR
		_EUSART2_DefaultErrorHandler
 This function uses a non-reentrant model



MODULE INFORMATION

Module		Function		Class		Link	Load	Size
C:\Program Files (x86)\Microchip\xc8\v2.10\pic\sources\c99\common\atoi.c
		_atoi          		CODE           	1C1C	0000	415

C:\Program Files (x86)\Microchip\xc8\v2.10\pic\sources\c99\common\atoi.c estimated size: 415

C:\Program Files (x86)\Microchip\xc8\v2.10\pic\sources\c99\common\islower.c
		_islower       		CODE           	322A	0000	59

C:\Program Files (x86)\Microchip\xc8\v2.10\pic\sources\c99\common\islower.c estimated size: 59

C:\Program Files (x86)\Microchip\xc8\v2.10\pic\sources\c99\common\lodiv.c
		___lodiv       		CODE           	24D8	0000	243

C:\Program Files (x86)\Microchip\xc8\v2.10\pic\sources\c99\common\lodiv.c estimated size: 243

mcc_generated_files/eusart2.c
		_EUSART2_Read  		CODE           	300E	0000	77
		_EUSART2_SetOverrunErrorHandler		CODE           	369A	0000	11
		_EUSART2_SetErrorHandler		CODE           	36AE	0000	11
		_EUSART2_Receive_ISR		CODE           	2AB6	0000	197
		_EUSART2_RxDataHandler		CODE           	347A	0000	45
		_EUSART2_DefaultOverrunErrorHandler		CODE           	36E0	0000	7
		_EUSART2_Transmit_ISR		CODE           	316E	0000	67
		_EUSART2_DefaultFramingErrorHandler		CODE           	36F0	0000	3
		_EUSART2_SetRxInterruptHandler		CODE           	3690	0000	11
		_EUSART2_SetTxInterruptHandler		CODE           	3686	0000	11
		_EUSART2_is_rx_ready		CODE           	3600	0000	25
		_EUSART2_Initialize		CODE           	2CA8	0000	129
		_EUSART2_DefaultErrorHandler		CODE           	36E6	0000	7
		_EUSART2_SetFramingErrorHandler		CODE           	36A4	0000	11

mcc_generated_files/eusart2.c estimated size: 612

C:\Program Files (x86)\Microchip\xc8\v2.10\pic\sources\c99\common\toupper.c
		_toupper       		CODE           	2DF0	0000	97

C:\Program Files (x86)\Microchip\xc8\v2.10\pic\sources\c99\common\toupper.c estimated size: 97

C:\Program Files (x86)\Microchip\xc8\v2.10\pic\sources\c99\common\isalpha.c
		_isalpha       		CODE           	31B0	0000	63

C:\Program Files (x86)\Microchip\xc8\v2.10\pic\sources\c99\common\isalpha.c estimated size: 63

mcc_generated_files/tmr2.c
		_TMR2_Initialize		CODE           	3668	0000	17

mcc_generated_files/tmr2.c estimated size: 17

mcc_generated_files/interrupt_manager.c
		_INTERRUPT_Initialize		CODE           	36EC	0000	5
		_INTERRUPT_InterruptManager		CODE           	0008	0000	233

mcc_generated_files/interrupt_manager.c estimated size: 238

mcc_generated_files/epwm2.c
		_EPWM2_LoadDutyValue		CODE           	33F0	0000	51
		_EPWM2_Initialize		CODE           	3590	0000	33

mcc_generated_files/epwm2.c estimated size: 84

C:\Program Files (x86)\Microchip\xc8\v2.10\pic\sources\c99\common\isspace.c
		_isspace       		CODE           	2F68	0000	85

C:\Program Files (x86)\Microchip\xc8\v2.10\pic\sources\c99\common\isspace.c estimated size: 85

C:\Program Files (x86)\Microchip\xc8\v2.10\pic\sources\c99\common\strlen.c
		_strlen        		CODE           	329E	0000	59

C:\Program Files (x86)\Microchip\xc8\v2.10\pic\sources\c99\common\strlen.c estimated size: 59

C:\Program Files (x86)\Microchip\xc8\v2.10\pic\sources\c99\common\memset.c
		_memset        		CODE           	2266	0000	377

C:\Program Files (x86)\Microchip\xc8\v2.10\pic\sources\c99\common\memset.c estimated size: 377

mcc_generated_files/pin_manager.c
		_PIN_MANAGER_Initialize		CODE           	344E	0000	45

mcc_generated_files/pin_manager.c estimated size: 45

C:\Program Files (x86)\Microchip\xc8\v2.10\pic\sources\c99\common\doprnt.c
		_vfpfcnvrt     		CODE           	07D2	0000	1361
		_pad           		CODE           	285C	0000	203
		_ctoa          		CODE           	2E50	0000	95
		_vfprintf      		CODE           	2D28	0000	101
		_stoa          		CODE           	1F54	0000	397
		_utoa          		CODE           	1812	0000	519
		_xtoa          		CODE           	125E	0000	731

C:\Program Files (x86)\Microchip\xc8\v2.10\pic\sources\c99\common\doprnt.c estimated size: 3407

C:\Program Files (x86)\Microchip\xc8\v2.10\pic\sources\c99\common\nf_fputs.c
		_fputs         		CODE           	305A	0000	73

C:\Program Files (x86)\Microchip\xc8\v2.10\pic\sources\c99\common\nf_fputs.c estimated size: 73

shared
		i2_printf      		CODE           	3520	0000	41
		i2_vfpfcnvrt   		CODE           	0D22	0000	1341
		i2_pad         		CODE           	29F0	0000	199
		i2_atoi        		CODE           	1DBA	0000	411
		i2_stoa        		CODE           	20E0	0000	391
		i2_putch       		CODE           	36D6	0000	11
		i2_isspace     		CODE           	2FBC	0000	83
		i2_utoa        		CODE           	1A18	0000	517
		i2_vfprintf    		CODE           	2D8C	0000	101
		i2_isdigit     		CODE           	3382	0000	57
		i2_xtoa        		CODE           	1538	0000	731
		i2_ctoa        		CODE           	2F0C	0000	93
		i2___wmul      		CODE           	3548	0000	39
		__initialization		CODE           	312C	0000	57
		i2___lodiv     		CODE           	25CA	0000	241
		i2_EUSART1_Write		CODE           	3618	0000	23
		i2___lomod     		CODE           	278C	0000	209
		i2_islower     		CODE           	3312	0000	57
		i2_isupper     		CODE           	334A	0000	57
		i2_fputc       		CODE           	2C12	0000	151
		i2_fputs       		CODE           	30E8	0000	69
		i2_strlen      		CODE           	33BA	0000	55
		i2_toupper     		CODE           	2EAE	0000	95
		i2_isalpha     		CODE           	31EE	0000	61

shared estimated size: 5090

mcc_generated_files/eusart1.c
		_EUSART1_is_rx_ready		CODE           	3642	0000	21
		_EUSART1_Initialize		CODE           	30A2	0000	71
		_putch         		CODE           	3678	0000	15
		_EUSART1_SetFramingErrorHandler		CODE           	36C2	0000	11
		_EUSART1_Read  		CODE           	34A6	0000	43
		_EUSART1_SetOverrunErrorHandler		CODE           	36B8	0000	11
		_EUSART1_SetErrorHandler		CODE           	36CC	0000	11
		_EUSART1_Write 		CODE           	35E8	0000	25

mcc_generated_files/eusart1.c estimated size: 208

mcc_generated_files/mcc.c
		_OSCILLATOR_Initialize		CODE           	35CC	0000	29
		_SYSTEM_Initialize		CODE           	356E	0000	35

mcc_generated_files/mcc.c estimated size: 64

C:\Program Files (x86)\Microchip\xc8\v2.10\pic\sources\c99\common\isdigit.c
		_isdigit       		CODE           	32D8	0000	59

C:\Program Files (x86)\Microchip\xc8\v2.10\pic\sources\c99\common\isdigit.c estimated size: 59

C:\Program Files (x86)\Microchip\xc8\v2.10\pic\sources\c99\common\lomod.c
		___lomod       		CODE           	26BA	0000	211

C:\Program Files (x86)\Microchip\xc8\v2.10\pic\sources\c99\common\lomod.c estimated size: 211

mcc_generated_files/tmr1.c
		_TMR1_Initialize		CODE           	35B0	0000	29
		_TMR1_WriteTimer		CODE           	3422	0000	45
		_TMR1_HasOverflowOccured		CODE           	362E	0000	21

mcc_generated_files/tmr1.c estimated size: 95

C:\Program Files (x86)\Microchip\xc8\v2.10\pic\sources\c99\common\Umul16.c
		___wmul        		CODE           	34F8	0000	41

C:\Program Files (x86)\Microchip\xc8\v2.10\pic\sources\c99\common\Umul16.c estimated size: 41

main.c
		_myEUSART2ISR  		CODE           	2926	0000	203
		_main          		CODE           	00F4	0000	1759
		_transmitCharacterOverIR		CODE           	23DE	0000	251

main.c estimated size: 2213

C:\Program Files (x86)\Microchip\xc8\v2.10\pic\sources\c99\common\isupper.c
		_isupper       		CODE           	3264	0000	59

C:\Program Files (x86)\Microchip\xc8\v2.10\pic\sources\c99\common\isupper.c estimated size: 59

C:\Program Files (x86)\Microchip\xc8\v2.10\pic\sources\c99\common\printf.c
		_printf        		CODE           	34D0	0000	41

C:\Program Files (x86)\Microchip\xc8\v2.10\pic\sources\c99\common\printf.c estimated size: 41

C:\Program Files (x86)\Microchip\xc8\v2.10\pic\sources\c99\common\nf_fputc.c
		_fputc         		CODE           	2B7A	0000	153

C:\Program Files (x86)\Microchip\xc8\v2.10\pic\sources\c99\common\nf_fputc.c estimated size: 153

